// Jest Snapshot v1, https://goo.gl/fbAQLP

exports[`Home test Debe coincidir con el spanshot 1`] = `<div class="home"><img alt="Vue logo" src=""><button class="btn btn-success">success</button><button class="btn btn-primary">primary</button><button class="btn btn-danger">danger</button></div>`;
